Godot Engine v4.7.1.stable.official.a13da4feb - https://godotengine.org

ERROR: Failed to read the root certificate store.
   at: get_system_ca_certificates (platform/windows/os_windows.cpp:2582)
[   0% ] first_scan_filesystem | Started 项目初始化 (5 steps)
[   0% ] first_scan_filesystem | 正在扫描文件结构……
[  16% ] first_scan_filesystem | 正在加载全局类名……
[  33% ] first_scan_filesystem | 正在校验 GDExtension……
[  50% ] first_scan_filesystem | 正在创建自动加载脚本……
[  66% ] first_scan_filesystem | 正在初始化插件……
[  83% ] first_scan_filesystem | 正在启动文件扫描……
[ DONE ] first_scan_filesystem

[   0% ] _update_scan_actions | Started 正在扫描动作…… (10 steps)
[   0% ] _update_scan_actions | card_type_attack_hires.svg
[   9% ] _update_scan_actions | card_type_defense_hires.svg
[  18% ] _update_scan_actions | card_type_skill_hires.svg
[  27% ] _update_scan_actions | map-current.png
[  36% ] _update_scan_actions | map-seven-rows.png
[  45% ] _update_scan_actions | cards.csv
[  54% ] _update_scan_actions | effects.csv
[  63% ] _update_scan_actions | effect_steps.csv
[  72% ] _update_scan_actions | items.csv
[  81% ] _update_scan_actions | item_effects.csv
[ DONE ] _update_scan_actions

[   0% ] reimport | Started 正在导入或重新导入资产 (4 steps)
[   0% ] reimport | 正在准备重新导入文件……
[  20% ] reimport | 正在准备重新导入文件……
[  40% ] reimport | 正在准备重新导入文件……
[  60% ] reimport | 正在准备重新导入文件……
[   0% ] reimport | 正在执行重新导入的前置操作……
[   0% ] reimport | card_type_defense_hires.svg
[  20% ] reimport | card_type_skill_hires.svg
[  40% ] reimport | map-current.png
[  60% ] reimport | map-seven-rows.png
[  80% ] reimport | 正在结束资产导入……
[ DONE ] reimport

[   0% ] reimport | Started 正在导入或重新导入资产 (4 steps)
[   0% ] reimport | 正在执行重新导入的后置操作……
[ DONE ] reimport

[   0% ] loading_editor_layout | Started 正在加载编辑器 (5 steps)
[   0% ] loading_editor_layout | 正在加载编辑器布局……
[  16% ] loading_editor_layout | 正在加载停靠面板……
[  33% ] loading_editor_layout | 正在重新打开场景……
[  50% ] loading_editor_layout | 正在加载中央编辑器布局……
[  66% ] loading_editor_layout | 正在加载插件窗口布局……
[  83% ] loading_editor_layout | 编辑器布局就绪。
[ DONE ] loading_editor_layout

ERROR: Cannot save file 'C:/Users/paulv/AppData/Roaming/Godot/editor_settings-4.7.tres'.
   at: save (scene/resources/resource_format_text.cpp:1768)
ERROR: Error saving editor settings to C:/Users/paulv/AppData/Roaming/Godot/editor_settings-4.7.tres
   at: save (editor/settings/editor_settings.cpp:1525)
